
Once running 'source load.sh' this advanced shelling goodies are ready to go.

Put the 'base' file where you want to change modes automatically (you can hide it as '.base' and change the config in the load.sh).

Installation:
cd advanced_shelling/
sudo make install

edit the file /etc/advanced_shelling/config.inc
change BASE_ITEM=base to your filename requirements

for example, the use of BASE_ITME=.base will hide every base file.

Example Use:

devops@localhost:~$ source /usr/sbin/advanced_shelling/load.sh 
devops@localhost:~$ cd workspace/
devops@localhost:~/workspace$ mkdir project
devops@localhost:~/workspace$ cd project/
devops@localhost:~/workspace/project$ mode_make 
Adding /home/devops/workspace/project/sbin to PATH
Adding /home/devops/workspace/project/bin to PATH
devops@localhost:/project$ ls -l
total 4
-rw-r--r-- 1 devops devops 78 Feb  6 09:38 base
devops@localhost:/project$ mkdir try0
devops@localhost:/project$ cd try0/
devops@localhost:/project/try0$ git init
Initialized empty Git repository in /home/devops/workspace/project/try0/.git/
devops@localhost:/project/try0--$ touch README
devops@localhost:/project/try0--M$ git add README 
devops@localhost:/project/try0--M$ git commit -m "adding README"
[master (root-commit) ad7ce35] adding README
 1 file changed, 0 insertions(+), 0 deletions(-)
 create mode 100644 README
devops@localhost:/project/try0--$ git remote add origin http://repos.server.org/try0
devops@localhost:/project/try0-try0-$ echo "change" >> README 
devops@localhost:/project/try0-try0-M$ git add README 
devops@localhost:/project/try0-try0-M$ git commit -m "update"
[master 134c727] update
 1 file changed, 1 insertion(+)
devops@localhost:/project/try0-try0-$ cd ..
devops@localhost:/project$ cd ..
Restoring prompt
Removing paths
devops@localhost:~/workspace$
